---
source: crates/quickbridge-ui/src/render/mod.rs
expression: "render_contents_with_size(&state, 120, 40)"
---
quickbridge v0.2.0                                                                                                      
                                                                                                                        
                                                                                                                        
Source                                                                                                                  
https://example.com/video.mkv                                                                                           
                                                                                                                        
Activity                                                                                                                
✓ Checked source URL                                                                                                    
✓ Time jumps are available                                                                                              
                                                                                                                        
                                                                                                                        
                                                                                                                        
                                                                                                                        
                                                                                                                        
                                                                                                                        
                                                                                                                        
                                                                                                                        
                                                                                                                        
                                                                                                                        
                                                                                                                        
                                                                                                                        
                                                                                                                        
                                                                                                                        
                                                                                                                        
                                                                                                                        
                                                                                                                        
                                                                                                                        
                                                                                                                        
                                                                                                                        
Video                                                                                                                   
  H.264 • Unknown resolution • SDR • default                                                                            
› H.264 • Unknown resolution • SDR                                                                                      
                                                                                                                        
Audio                                                                                                                   
✓ Unknown language • AAC • default                                                                                      
                                                                                                                        
╭ Input ───────────────────────────────────────────────────────────────────────────────────────────────────────────────╮
│Use ↑ or ↓ to select a track, then press Enter                                                                        │
╰──────────────────────────────────────────────────────────────────────────────────────────────────────────────────────╯
↑↓ choose  •  Enter audio
