---
source: crates/quickbridge-ui/src/render/mod.rs
assertion_line: 824
expression: contents
---
quickbridge 0.1.0                                                                                                       
                                                                                                                        
Select tracks                                                                                                           
▸ Audio                                                                                                                 
  Unknown language • AAC • default                                                                                      
  Unknown language • AAC                                                                                                
  Unknown language • AAC                                                                                                
  Unknown language • AAC                                                                                                
  Unknown language • AAC                                                                                                
  Unknown language • AAC                                                                                                
  Unknown language • AAC                                                                                                
  Unknown language • AAC                                                                                                
  Unknown language • AAC                                                                                                
  Unknown language • AAC                                                                                                
  Unknown language • AAC                                                                                                
  Unknown language • AAC                                                                                                
  Unknown language • AAC                                                                                                
  Unknown language • AAC                                                                                                
  Unknown language • AAC                                                                                                
  Unknown language • AAC                                                                                                
  Unknown language • AAC                                                                                                
› Unknown language • AAC                                                                                                
                                                                                                                        
                                                                                                                        
                                                                                                                        
                                                                                                                        
                                                                                                                        
                                                                                                                        
                                                                                                                        
                                                                                                                        
                                                                                                                        
                                                                                                                        
                                                                                                                        
                                                                                                                        
                                                                                                                        
                                                                                                                        
                                                                                                                        
                                                                                                                        
                                                                                                                        
↑↓ choose • Tab switch section • Enter play
