---
source: crates/quickbridge-ui/src/render/mod.rs
expression: contents
---
quickbridge v0.1.0                                                                                                      
                                                                                                                        
                                                                                                                        
Source                                                                                                                  
Enter a direct media URL below                                                                                          
                                                                                                                        
╭ Session ─────────────────────────────────────────────────────────────────────────────────────────────────────────────╮
│Open media in QuickTime Player                                                                                        │
│Enter a direct http:// or https:// media URL below.                                                                   │
│                                                                                                                      │
╰──────────────────────────────────────────────────────────────────────────────────────────────────────────────────────╯
                                                                                                                        
                                                                                                                        
                                                                                                                        
                                                                                                                        
                                                                                                                        
                                                                                                                        
                                                                                                                        
                                                                                                                        
                                                                                                                        
                                                                                                                        
                                                                                                                        
                                                                                                                        
                                                                                                                        
                                                                                                                        
                                                                                                                        
                                                                                                                        
                                                                                                                        
                                                                                                                        
                                                                                                                        
                                                                                                                        
                                                                                                                        
                                                                                                                        
                                                                                                                        
                                                                                                                        
                                                                                                                        
╭ Input ───────────────────────────────────────────────────────────────────────────────────────────────────────────────╮
│> ▏https://example.com/movie.mkv                                                                                      │
╰──────────────────────────────────────────────────────────────────────────────────────────────────────────────────────╯
Enter inspect source  •  F1 help  •  Ctrl+C quit
