---
source: crates/quickbridge-ui/src/render/mod.rs
expression: compact
---
quickbridge v0.1.0                                          
                                                            
                                                            
Source                                                      
https://example.com/video.mkv                               
                                                            
                                                            
Tracks                                                      
Video  H.264 • Unknown resolution • SDR • default           
Audio  No audio                                             
                                                            
Player                                                      
00:00:12 / 00:02:00                                         
Buffer 00:00:06    Relay 3.0 MB/s    Storage 12.0 MB        
╭ Input ───────────────────────────────────────────────────╮
│> reopen▏                                                 │
╰──────────────────────────────────────────────────────────╯
Enter run  •  PgUp/PgDn activity  •  Esc clear/close  •  Ctr
